CPU Reset (CPU 0)
EAX=00000000 EBX=00000000 ECX=00000000 EDX=00000000
ESI=00000000 EDI=00000000 EBP=00000000 ESP=00000000
EIP=00000000 EFL=00000000 [-------] CPL=0 II=0 A20=0 SMM=0 HLT=0
ES =0000 00000000 00000000 00000000
CS =0000 00000000 00000000 00000000
SS =0000 00000000 00000000 00000000
DS =0000 00000000 00000000 00000000
FS =0000 00000000 00000000 00000000
GS =0000 00000000 00000000 00000000
LDT=0000 00000000 00000000 00000000
TR =0000 00000000 00000000 00000000
GDT=     00000000 00000000
IDT=     00000000 00000000
CR0=00000000 CR2=00000000 CR3=00000000 CR4=00000000
DR0=00000000 DR1=00000000 DR2=00000000 DR3=00000000 
DR6=00000000 DR7=00000000
CCS=00000000 CCD=00000000 CCO=EFLAGS
EFER=0000000000000000
FCW=0000 FSW=0000 [ST=0] FTW=ff MXCSR=00000000
FPR0=0000000000000000 0000 FPR1=0000000000000000 0000
FPR2=0000000000000000 0000 FPR3=0000000000000000 0000
FPR4=0000000000000000 0000 FPR5=0000000000000000 0000
FPR6=0000000000000000 0000 FPR7=0000000000000000 0000
XMM00=0000000000000000 0000000000000000 XMM01=0000000000000000 0000000000000000
XMM02=0000000000000000 0000000000000000 XMM03=0000000000000000 0000000000000000
XMM04=0000000000000000 0000000000000000 XMM05=0000000000000000 0000000000000000
XMM06=0000000000000000 0000000000000000 XMM07=0000000000000000 0000000000000000
CPU Reset (CPU 0)
EAX=00000000 EBX=00000000 ECX=00000000 EDX=00000663
ESI=00000000 EDI=00000000 EBP=00000000 ESP=00000000
EIP=0000fff0 EFL=00000002 [-------] CPL=0 II=0 A20=1 SMM=0 HLT=0
ES =0000 00000000 0000ffff 00009300
CS =f000 ffff0000 0000ffff 00009b00
SS =0000 00000000 0000ffff 00009300
DS =0000 00000000 0000ffff 00009300
FS =0000 00000000 0000ffff 00009300
GS =0000 00000000 0000ffff 00009300
LDT=0000 00000000 0000ffff 00008200
TR =0000 00000000 0000ffff 00008b00
GDT=     00000000 0000ffff
IDT=     00000000 0000ffff
CR0=60000010 CR2=00000000 CR3=00000000 CR4=00000000
DR0=00000000 DR1=00000000 DR2=00000000 DR3=00000000 
DR6=ffff0ff0 DR7=00000400
CCS=00000000 CCD=00000000 CCO=EFLAGS
EFER=0000000000000000
FCW=037f FSW=0000 [ST=0] FTW=00 MXCSR=00001f80
FPR0=0000000000000000 0000 FPR1=0000000000000000 0000
FPR2=0000000000000000 0000 FPR3=0000000000000000 0000
FPR4=0000000000000000 0000 FPR5=0000000000000000 0000
FPR6=0000000000000000 0000 FPR7=0000000000000000 0000
XMM00=0000000000000000 0000000000000000 XMM01=0000000000000000 0000000000000000
XMM02=0000000000000000 0000000000000000 XMM03=0000000000000000 0000000000000000
XMM04=0000000000000000 0000000000000000 XMM05=0000000000000000 0000000000000000
XMM06=0000000000000000 0000000000000000 XMM07=0000000000000000 0000000000000000
SMM: enter
EAX=00000000 EBX=00000000 ECX=02000000 EDX=02000628
ESI=0000000b EDI=02000000 EBP=00014e40 ESP=00006c5c
EIP=000ea63d EFL=00000046 [---Z-P-] CPL=0 II=0 A20=1 SMM=0 HLT=0
ES =0010 00000000 ffffffff 00cf9300 DPL=0 DS   [-WA]
CS =0008 00000000 ffffffff 00cf9b00 DPL=0 CS32 [-RA]
SS =0010 00000000 ffffffff 00cf9300 DPL=0 DS   [-WA]
DS =0010 00000000 ffffffff 00cf9300 DPL=0 DS   [-WA]
FS =0010 00000000 ffffffff 00cf9300 DPL=0 DS   [-WA]
GS =0010 00000000 ffffffff 00cf9300 DPL=0 DS   [-WA]
LDT=0000 00000000 0000ffff 00008200 DPL=0 LDT
TR =0000 00000000 0000ffff 00008b00 DPL=0 TSS32-busy
GDT=     000f61e0 00000037
IDT=     000f621e 00000000
CR0=00000011 CR2=00000000 CR3=00000000 CR4=00000000
DR0=00000000 DR1=00000000 DR2=00000000 DR3=00000000 
DR6=ffff0ff0 DR7=00000400
CCS=00000044 CCD=ffffffff CCO=EFLAGS
EFER=0000000000000000
SMM: after RSM
EAX=00000000 EBX=00000000 ECX=02000000 EDX=02000628
ESI=0000000b EDI=02000000 EBP=00014e40 ESP=00006c5c
EIP=000ea63d EFL=00000046 [---Z-P-] CPL=0 II=0 A20=1 SMM=0 HLT=0
ES =0010 00000000 ffffffff 00c09300 DPL=0 DS   [-WA]
CS =0008 00000000 ffffffff 00c09b00 DPL=0 CS32 [-RA]
SS =0010 00000000 ffffffff 00c09300 DPL=0 DS   [-WA]
DS =0010 00000000 ffffffff 00c09300 DPL=0 DS   [-WA]
FS =0010 00000000 ffffffff 00c09300 DPL=0 DS   [-WA]
GS =0010 00000000 ffffffff 00c09300 DPL=0 DS   [-WA]
LDT=0000 00000000 0000ffff 00008200 DPL=0 LDT
TR =0000 00000000 0000ffff 00008b00 DPL=0 TSS32-busy
GDT=     000f61e0 00000037
IDT=     000f621e 00000000
CR0=00000011 CR2=00000000 CR3=00000000 CR4=00000000
DR0=00000000 DR1=00000000 DR2=00000000 DR3=00000000 
DR6=ffff0ff0 DR7=00000400
CCS=00000044 CCD=00000000 CCO=EFLAGS
EFER=0000000000000000
Servicing hardware INT=0x08
SMM: enter
EAX=000000b5 EBX=000f7e0e ECX=00001234 EDX=00006cff
ESI=00006cb4 EDI=06ffec55 EBP=00006c74 ESP=00006c74
EIP=00007e0b EFL=00000006 [-----P-] CPL=0 II=0 A20=1 SMM=0 HLT=0
ES =d900 000d9000 ffffffff 008f9300
CS =f000 000f0000 ffffffff 008f9b00
SS =0000 00000000 ffffffff 008f9300
DS =0000 00000000 ffffffff 008f9300
FS =0000 00000000 ffffffff 008f9300
GS =0000 00000000 ffffffff 008f9300
LDT=0000 00000000 0000ffff 00008200
TR =0000 00000000 0000ffff 00008b00
GDT=     00000000 00000000
IDT=     00000000 000003ff
CR0=00000010 CR2=00000000 CR3=00000000 CR4=00000000
DR0=00000000 DR1=00000000 DR2=00000000 DR3=00000000 
DR6=ffff0ff0 DR7=00000400
CCS=00000000 CCD=00006c74 CCO=ADDL
EFER=0000000000000000
SMM: after RSM
EAX=000000b5 EBX=000f7e0e ECX=00001234 EDX=00006cff
ESI=00006cb4 EDI=06ffec55 EBP=00006c74 ESP=00006c74
EIP=000f7e0e EFL=00000046 [---Z-P-] CPL=0 II=0 A20=1 SMM=0 HLT=0
ES =0010 00000000 ffffffff 00c09300 DPL=0 DS   [-WA]
CS =0008 00000000 ffffffff 00c09b00 DPL=0 CS32 [-RA]
SS =0010 00000000 ffffffff 00c09300 DPL=0 DS   [-WA]
DS =0010 00000000 ffffffff 00c09300 DPL=0 DS   [-WA]
FS =0010 00000000 ffffffff 00c09300 DPL=0 DS   [-WA]
GS =0010 00000000 ffffffff 00c09300 DPL=0 DS   [-WA]
LDT=0000 00000000 0000ffff 00008200 DPL=0 LDT
TR =0000 00000000 0000ffff 00008b00 DPL=0 TSS32-busy
GDT=     000f61e0 00000037
IDT=     000f621e 00000000
CR0=00000011 CR2=00000000 CR3=00000000 CR4=00000000
DR0=00000000 DR1=00000000 DR2=00000000 DR3=00000000 
DR6=ffff0ff0 DR7=00000400
CCS=00000044 CCD=00000000 CCO=EFLAGS
EFER=0000000000000000
SMM: enter
EAX=000000b5 EBX=00007e28 ECX=00005678 EDX=06fe8a70
ESI=000e83a0 EDI=06ffec55 EBP=00006c74 ESP=00006c74
EIP=000f7e25 EFL=00000016 [----AP-] CPL=0 II=0 A20=1 SMM=0 HLT=0
ES =0010 00000000 ffffffff 00c09300 DPL=0 DS   [-WA]
CS =0008 00000000 ffffffff 00c09b00 DPL=0 CS32 [-RA]
SS =0010 00000000 ffffffff 00c09300 DPL=0 DS   [-WA]
DS =0010 00000000 ffffffff 00c09300 DPL=0 DS   [-WA]
FS =0010 00000000 ffffffff 00c09300 DPL=0 DS   [-WA]
GS =0010 00000000 ffffffff 00c09300 DPL=0 DS   [-WA]
LDT=0000 00000000 0000ffff 00008200 DPL=0 LDT
TR =0000 00000000 0000ffff 00008b00 DPL=0 TSS32-busy
GDT=     000f61e0 00000037
IDT=     000f621e 00000000
CR0=00000011 CR2=00000000 CR3=00000000 CR4=00000000
DR0=00000000 DR1=00000000 DR2=00000000 DR3=00000000 
DR6=ffff0ff0 DR7=00000400
CCS=00000008 CCD=00006c60 CCO=ADDL
EFER=0000000000000000
SMM: after RSM
EAX=000000b5 EBX=00007e28 ECX=00005678 EDX=06fe8a70
ESI=000e83a0 EDI=06ffec55 EBP=00006c74 ESP=00006c74
EIP=00007e28 EFL=00000006 [-----P-] CPL=0 II=0 A20=1 SMM=0 HLT=0
ES =d900 000d9000 ffffffff 00809300
CS =f000 000f0000 ffffffff 00809b00
SS =0000 00000000 ffffffff 00809300
DS =0000 00000000 ffffffff 00809300
FS =0000 00000000 ffffffff 00809300
GS =0000 00000000 ffffffff 00809300
LDT=0000 00000000 0000ffff 00008200
TR =0000 00000000 0000ffff 00008b00
GDT=     00000000 00000000
IDT=     00000000 000003ff
CR0=00000010 CR2=00000000 CR3=00000000 CR4=00000000
DR0=00000000 DR1=00000000 DR2=00000000 DR3=00000000 
DR6=ffff0ff0 DR7=00000400
CCS=00000004 CCD=00000001 CCO=EFLAGS
EFER=0000000000000000
SMM: enter
EAX=000000b5 EBX=000f7e0e ECX=00001234 EDX=000069ff
ESI=00006996 EDI=06ffec55 EBP=00006956 ESP=00006956
EIP=00007e0b EFL=00000006 [-----P-] CPL=0 II=0 A20=1 SMM=0 HLT=0
ES =d900 000d9000 ffffffff 008f9300
CS =f000 000f0000 ffffffff 008f9b00
SS =0000 00000000 ffffffff 008f9300
DS =0000 00000000 ffffffff 008f9300
FS =0000 00000000 ffffffff 008f9300
GS =ca00 000ca000 ffffffff 008f9300
LDT=0000 00000000 0000ffff 00008200
TR =0000 00000000 0000ffff 00008b00
GDT=     00000000 00000000
IDT=     00000000 000003ff
CR0=00000010 CR2=00000000 CR3=00000000 CR4=00000000
DR0=00000000 DR1=00000000 DR2=00000000 DR3=00000000 
DR6=ffff0ff0 DR7=00000400
CCS=00000000 CCD=00006956 CCO=ADDL
EFER=0000000000000000
SMM: after RSM
EAX=000000b5 EBX=000f7e0e ECX=00001234 EDX=000069ff
ESI=00006996 EDI=06ffec55 EBP=00006956 ESP=00006956
EIP=000f7e0e EFL=00000046 [---Z-P-] CPL=0 II=0 A20=1 SMM=0 HLT=0
ES =0010 00000000 ffffffff 00c09300 DPL=0 DS   [-WA]
CS =0008 00000000 ffffffff 00c09b00 DPL=0 CS32 [-RA]
SS =0010 00000000 ffffffff 00c09300 DPL=0 DS   [-WA]
DS =0010 00000000 ffffffff 00c09300 DPL=0 DS   [-WA]
FS =0010 00000000 ffffffff 00c09300 DPL=0 DS   [-WA]
GS =0010 00000000 ffffffff 00c09300 DPL=0 DS   [-WA]
LDT=0000 00000000 0000ffff 00008200 DPL=0 LDT
TR =0000 00000000 0000ffff 00008b00 DPL=0 TSS32-busy
GDT=     000f61e0 00000037
IDT=     000f621e 00000000
CR0=00000011 CR2=00000000 CR3=00000000 CR4=00000000
DR0=00000000 DR1=00000000 DR2=00000000 DR3=00000000 
DR6=ffff0ff0 DR7=00000400
CCS=00000044 CCD=00000000 CCO=EFLAGS
EFER=0000000000000000
SMM: enter
EAX=000000b5 EBX=00007e28 ECX=00005678 EDX=00000005
ESI=00000000 EDI=06ffec55 EBP=00006956 ESP=00006956
EIP=000f7e25 EFL=00000016 [----AP-] CPL=0 II=0 A20=1 SMM=0 HLT=0
ES =0010 00000000 ffffffff 00c09300 DPL=0 DS   [-WA]
CS =0008 00000000 ffffffff 00c09b00 DPL=0 CS32 [-RA]
SS =0010 00000000 ffffffff 00c09300 DPL=0 DS   [-WA]
DS =0010 00000000 ffffffff 00c09300 DPL=0 DS   [-WA]
FS =0010 00000000 ffffffff 00c09300 DPL=0 DS   [-WA]
GS =0010 00000000 ffffffff 00c09300 DPL=0 DS   [-WA]
LDT=0000 00000000 0000ffff 00008200 DPL=0 LDT
TR =0000 00000000 0000ffff 00008b00 DPL=0 TSS32-busy
GDT=     000f61e0 00000037
IDT=     000f621e 00000000
CR0=00000011 CR2=00000000 CR3=00000000 CR4=00000000
DR0=00000000 DR1=00000000 DR2=00000000 DR3=00000000 
DR6=ffff0ff0 DR7=00000400
CCS=00000008 CCD=00006942 CCO=ADDL
EFER=0000000000000000
SMM: after RSM
EAX=000000b5 EBX=00007e28 ECX=00005678 EDX=00000005
ESI=00000000 EDI=06ffec55 EBP=00006956 ESP=00006956
EIP=00007e28 EFL=00000006 [-----P-] CPL=0 II=0 A20=1 SMM=0 HLT=0
ES =d900 000d9000 ffffffff 00809300
CS =f000 000f0000 ffffffff 00809b00
SS =0000 00000000 ffffffff 00809300
DS =0000 00000000 ffffffff 00809300
FS =0000 00000000 ffffffff 00809300
GS =ca00 000ca000 ffffffff 00809300
LDT=0000 00000000 0000ffff 00008200
TR =0000 00000000 0000ffff 00008b00
GDT=     00000000 00000000
IDT=     00000000 000003ff
CR0=00000010 CR2=00000000 CR3=00000000 CR4=00000000
DR0=00000000 DR1=00000000 DR2=00000000 DR3=00000000 
DR6=ffff0ff0 DR7=00000400
CCS=00000004 CCD=00000001 CCO=EFLAGS
EFER=0000000000000000
SMM: enter
EAX=000000b5 EBX=000f7e0e ECX=00001234 EDX=000069ff
ESI=00006990 EDI=06ffec55 EBP=00006950 ESP=00006950
EIP=00007e0b EFL=00000006 [-----P-] CPL=0 II=0 A20=1 SMM=0 HLT=0
ES =d900 000d9000 ffffffff 00809300
CS =f000 000f0000 ffffffff 00809b00
SS =0000 00000000 ffffffff 00809300
DS =0000 00000000 ffffffff 00809300
FS =0000 00000000 ffffffff 00809300
GS =ca00 000ca000 ffffffff 00809300
LDT=0000 00000000 0000ffff 00008200
TR =0000 00000000 0000ffff 00008b00
GDT=     00000000 00000000
IDT=     00000000 000003ff
CR0=00000010 CR2=00000000 CR3=00000000 CR4=00000000
DR0=00000000 DR1=00000000 DR2=00000000 DR3=00000000 
DR6=ffff0ff0 DR7=00000400
CCS=00000000 CCD=00006950 CCO=ADDL
EFER=0000000000000000
SMM: after RSM
EAX=000000b5 EBX=000f7e0e ECX=00001234 EDX=000069ff
ESI=00006990 EDI=06ffec55 EBP=00006950 ESP=00006950
EIP=000f7e0e EFL=00000046 [---Z-P-] CPL=0 II=0 A20=1 SMM=0 HLT=0
ES =0010 00000000 ffffffff 00c09300 DPL=0 DS   [-WA]
CS =0008 00000000 ffffffff 00c09b00 DPL=0 CS32 [-RA]
SS =0010 00000000 ffffffff 00c09300 DPL=0 DS   [-WA]
DS =0010 00000000 ffffffff 00c09300 DPL=0 DS   [-WA]
FS =0010 00000000 ffffffff 00c09300 DPL=0 DS   [-WA]
GS =0010 00000000 ffffffff 00c09300 DPL=0 DS   [-WA]
LDT=0000 00000000 0000ffff 00008200 DPL=0 LDT
TR =0000 00000000 0000ffff 00008b00 DPL=0 TSS32-busy
GDT=     000f61e0 00000037
IDT=     000f621e 00000000
CR0=00000011 CR2=00000000 CR3=00000000 CR4=00000000
DR0=00000000 DR1=00000000 DR2=00000000 DR3=00000000 
DR6=ffff0ff0 DR7=00000400
CCS=00000044 CCD=00000000 CCO=EFLAGS
EFER=0000000000000000
SMM: enter
EAX=000000b5 EBX=00007e28 ECX=00005678 EDX=00000003
ESI=06fc6f00 EDI=06ffec55 EBP=00006950 ESP=00006950
EIP=000f7e25 EFL=00000006 [-----P-] CPL=0 II=0 A20=1 SMM=0 HLT=0
ES =0010 00000000 ffffffff 00c09300 DPL=0 DS   [-WA]
CS =0008 00000000 ffffffff 00c09b00 DPL=0 CS32 [-RA]
SS =0010 00000000 ffffffff 00c09300 DPL=0 DS   [-WA]
DS =0010 00000000 ffffffff 00c09300 DPL=0 DS   [-WA]
FS =0010 00000000 ffffffff 00c09300 DPL=0 DS   [-WA]
GS =0010 00000000 ffffffff 00c09300 DPL=0 DS   [-WA]
LDT=0000 00000000 0000ffff 00008200 DPL=0 LDT
TR =0000 00000000 0000ffff 00008b00 DPL=0 TSS32-busy
GDT=     000f61e0 00000037
IDT=     000f621e 00000000
CR0=00000011 CR2=00000000 CR3=00000000 CR4=00000000
DR0=00000000 DR1=00000000 DR2=00000000 DR3=00000000 
DR6=ffff0ff0 DR7=00000400
CCS=00000008 CCD=0000693c CCO=ADDL
EFER=0000000000000000
SMM: after RSM
EAX=000000b5 EBX=00007e28 ECX=00005678 EDX=00000003
ESI=06fc6f00 EDI=06ffec55 EBP=00006950 ESP=00006950
EIP=00007e28 EFL=00000006 [-----P-] CPL=0 II=0 A20=1 SMM=0 HLT=0
ES =d900 000d9000 ffffffff 00809300
CS =f000 000f0000 ffffffff 00809b00
SS =0000 00000000 ffffffff 00809300
DS =0000 00000000 ffffffff 00809300
FS =0000 00000000 ffffffff 00809300
GS =ca00 000ca000 ffffffff 00809300
LDT=0000 00000000 0000ffff 00008200
TR =0000 00000000 0000ffff 00008b00
GDT=     00000000 00000000
IDT=     00000000 000003ff
CR0=00000010 CR2=00000000 CR3=00000000 CR4=00000000
DR0=00000000 DR1=00000000 DR2=00000000 DR3=00000000 
DR6=ffff0ff0 DR7=00000400
CCS=00000004 CCD=00000001 CCO=EFLAGS
EFER=0000000000000000
SMM: enter
EAX=000000b5 EBX=000f7e0e ECX=00001234 EDX=000069ff
ESI=00006996 EDI=06ffec55 EBP=00006956 ESP=00006956
EIP=00007e0b EFL=00000006 [-----P-] CPL=0 II=0 A20=1 SMM=0 HLT=0
ES =d900 000d9000 ffffffff 00809300
CS =f000 000f0000 ffffffff 00809b00
SS =0000 00000000 ffffffff 00809300
DS =0000 00000000 ffffffff 00809300
FS =0000 00000000 ffffffff 00809300
GS =ca00 000ca000 ffffffff 00809300
LDT=0000 00000000 0000ffff 00008200
TR =0000 00000000 0000ffff 00008b00
GDT=     00000000 00000000
IDT=     00000000 000003ff
CR0=00000010 CR2=00000000 CR3=00000000 CR4=00000000
DR0=00000000 DR1=00000000 DR2=00000000 DR3=00000000 
DR6=ffff0ff0 DR7=00000400
CCS=00000000 CCD=00006956 CCO=ADDL
EFER=0000000000000000
SMM: after RSM
EAX=000000b5 EBX=000f7e0e ECX=00001234 EDX=000069ff
ESI=00006996 EDI=06ffec55 EBP=00006956 ESP=00006956
EIP=000f7e0e EFL=00000046 [---Z-P-] CPL=0 II=0 A20=1 SMM=0 HLT=0
ES =0010 00000000 ffffffff 00c09300 DPL=0 DS   [-WA]
CS =0008 00000000 ffffffff 00c09b00 DPL=0 CS32 [-RA]
SS =0010 00000000 ffffffff 00c09300 DPL=0 DS   [-WA]
DS =0010 00000000 ffffffff 00c09300 DPL=0 DS   [-WA]
FS =0010 00000000 ffffffff 00c09300 DPL=0 DS   [-WA]
GS =0010 00000000 ffffffff 00c09300 DPL=0 DS   [-WA]
LDT=0000 00000000 0000ffff 00008200 DPL=0 LDT
TR =0000 00000000 0000ffff 00008b00 DPL=0 TSS32-busy
GDT=     000f61e0 00000037
IDT=     000f621e 00000000
CR0=00000011 CR2=00000000 CR3=00000000 CR4=00000000
DR0=00000000 DR1=00000000 DR2=00000000 DR3=00000000 
DR6=ffff0ff0 DR7=00000400
CCS=00000044 CCD=00000000 CCO=EFLAGS
EFER=0000000000000000
SMM: enter
EAX=000000b5 EBX=00007e28 ECX=00005678 EDX=00000005
ESI=00000000 EDI=06ffec55 EBP=00006956 ESP=00006956
EIP=000f7e25 EFL=00000016 [----AP-] CPL=0 II=0 A20=1 SMM=0 HLT=0
ES =0010 00000000 ffffffff 00c09300 DPL=0 DS   [-WA]
CS =0008 00000000 ffffffff 00c09b00 DPL=0 CS32 [-RA]
SS =0010 00000000 ffffffff 00c09300 DPL=0 DS   [-WA]
DS =0010 00000000 ffffffff 00c09300 DPL=0 DS   [-WA]
FS =0010 00000000 ffffffff 00c09300 DPL=0 DS   [-WA]
GS =0010 00000000 ffffffff 00c09300 DPL=0 DS   [-WA]
LDT=0000 00000000 0000ffff 00008200 DPL=0 LDT
TR =0000 00000000 0000ffff 00008b00 DPL=0 TSS32-busy
GDT=     000f61e0 00000037
IDT=     000f621e 00000000
CR0=00000011 CR2=00000000 CR3=00000000 CR4=00000000
DR0=00000000 DR1=00000000 DR2=00000000 DR3=00000000 
DR6=ffff0ff0 DR7=00000400
CCS=00000008 CCD=00006942 CCO=ADDL
EFER=0000000000000000
SMM: after RSM
EAX=000000b5 EBX=00007e28 ECX=00005678 EDX=00000005
ESI=00000000 EDI=06ffec55 EBP=00006956 ESP=00006956
EIP=00007e28 EFL=00000006 [-----P-] CPL=0 II=0 A20=1 SMM=0 HLT=0
ES =d900 000d9000 ffffffff 00809300
CS =f000 000f0000 ffffffff 00809b00
SS =0000 00000000 ffffffff 00809300
DS =0000 00000000 ffffffff 00809300
FS =0000 00000000 ffffffff 00809300
GS =ca00 000ca000 ffffffff 00809300
LDT=0000 00000000 0000ffff 00008200
TR =0000 00000000 0000ffff 00008b00
GDT=     00000000 00000000
IDT=     00000000 000003ff
CR0=00000010 CR2=00000000 CR3=00000000 CR4=00000000
DR0=00000000 DR1=00000000 DR2=00000000 DR3=00000000 
DR6=ffff0ff0 DR7=00000400
CCS=00000004 CCD=00000001 CCO=EFLAGS
EFER=0000000000000000
SMM: enter
EAX=000000b5 EBX=000f7e0e ECX=00001234 EDX=000069ff
ESI=00006990 EDI=06ffec55 EBP=00006950 ESP=00006950
EIP=00007e0b EFL=00000006 [-----P-] CPL=0 II=0 A20=1 SMM=0 HLT=0
ES =d900 000d9000 ffffffff 00809300
CS =f000 000f0000 ffffffff 00809b00
SS =0000 00000000 ffffffff 00809300
DS =0000 00000000 ffffffff 00809300
FS =0000 00000000 ffffffff 00809300
GS =ca00 000ca000 ffffffff 00809300
LDT=0000 00000000 0000ffff 00008200
TR =0000 00000000 0000ffff 00008b00
GDT=     00000000 00000000
IDT=     00000000 000003ff
CR0=00000010 CR2=00000000 CR3=00000000 CR4=00000000
DR0=00000000 DR1=00000000 DR2=00000000 DR3=00000000 
DR6=ffff0ff0 DR7=00000400
CCS=00000000 CCD=00006950 CCO=ADDL
EFER=0000000000000000
SMM: after RSM
EAX=000000b5 EBX=000f7e0e ECX=00001234 EDX=000069ff
ESI=00006990 EDI=06ffec55 EBP=00006950 ESP=00006950
EIP=000f7e0e EFL=00000046 [---Z-P-] CPL=0 II=0 A20=1 SMM=0 HLT=0
ES =0010 00000000 ffffffff 00c09300 DPL=0 DS   [-WA]
CS =0008 00000000 ffffffff 00c09b00 DPL=0 CS32 [-RA]
SS =0010 00000000 ffffffff 00c09300 DPL=0 DS   [-WA]
DS =0010 00000000 ffffffff 00c09300 DPL=0 DS   [-WA]
FS =0010 00000000 ffffffff 00c09300 DPL=0 DS   [-WA]
GS =0010 00000000 ffffffff 00c09300 DPL=0 DS   [-WA]
LDT=0000 00000000 0000ffff 00008200 DPL=0 LDT
TR =0000 00000000 0000ffff 00008b00 DPL=0 TSS32-busy
GDT=     000f61e0 00000037
IDT=     000f621e 00000000
CR0=00000011 CR2=00000000 CR3=00000000 CR4=00000000
DR0=00000000 DR1=00000000 DR2=00000000 DR3=00000000 
DR6=ffff0ff0 DR7=00000400
CCS=00000044 CCD=00000000 CCO=EFLAGS
EFER=0000000000000000
SMM: enter
EAX=000000b5 EBX=00007e28 ECX=00005678 EDX=00000003
ESI=06f06f00 EDI=06ffec55 EBP=00006950 ESP=00006950
EIP=000f7e25 EFL=00000006 [-----P-] CPL=0 II=0 A20=1 SMM=0 HLT=0
ES =0010 00000000 ffffffff 00c09300 DPL=0 DS   [-WA]
CS =0008 00000000 ffffffff 00c09b00 DPL=0 CS32 [-RA]
SS =0010 00000000 ffffffff 00c09300 DPL=0 DS   [-WA]
DS =0010 00000000 ffffffff 00c09300 DPL=0 DS   [-WA]
FS =0010 00000000 ffffffff 00c09300 DPL=0 DS   [-WA]
GS =0010 00000000 ffffffff 00c09300 DPL=0 DS   [-WA]
LDT=0000 00000000 0000ffff 00008200 DPL=0 LDT
TR =0000 00000000 0000ffff 00008b00 DPL=0 TSS32-busy
GDT=     000f61e0 00000037
IDT=     000f621e 00000000
CR0=00000011 CR2=00000000 CR3=00000000 CR4=00000000
DR0=00000000 DR1=00000000 DR2=00000000 DR3=00000000 
DR6=ffff0ff0 DR7=00000400
CCS=00000008 CCD=0000693c CCO=ADDL
EFER=0000000000000000
SMM: after RSM
EAX=000000b5 EBX=00007e28 ECX=00005678 EDX=00000003
ESI=06f06f00 EDI=06ffec55 EBP=00006950 ESP=00006950
EIP=00007e28 EFL=00000006 [-----P-] CPL=0 II=0 A20=1 SMM=0 HLT=0
ES =d900 000d9000 ffffffff 00809300
CS =f000 000f0000 ffffffff 00809b00
SS =0000 00000000 ffffffff 00809300
DS =0000 00000000 ffffffff 00809300
FS =0000 00000000 ffffffff 00809300
GS =ca00 000ca000 ffffffff 00809300
LDT=0000 00000000 0000ffff 00008200
TR =0000 00000000 0000ffff 00008b00
GDT=     00000000 00000000
IDT=     00000000 000003ff
CR0=00000010 CR2=00000000 CR3=00000000 CR4=00000000
DR0=00000000 DR1=00000000 DR2=00000000 DR3=00000000 
DR6=ffff0ff0 DR7=00000400
CCS=00000004 CCD=00000001 CCO=EFLAGS
EFER=0000000000000000
Servicing hardware INT=0x08
Servicing hardware INT=0x20
     0: v=20 e=0000 i=0 cpl=0 IP=0008:0010004f pc=0010004f SP=0010:001074dc env->regs[R_EAX]=0000002e
EAX=0000002e EBX=00105490 ECX=00000040 EDX=00000040
ESI=00104ac0 EDI=00104bd4 EBP=00612000 ESP=001074dc
EIP=0010004f EFL=00000206 [-----P-] CPL=0 II=0 A20=1 SMM=0 HLT=0
ES =0010 00000000 ffffffff 00df9300 DPL=0 DS   [-WA]
CS =0008 00000000 ffffffff 00df9b00 DPL=0 CS32 [-RA]
SS =0010 00000000 ffffffff 00cf9300 DPL=0 DS   [-WA]
DS =0010 00000000 ffffffff 00df9300 DPL=0 DS   [-WA]
FS =0010 00000000 ffffffff 00df9300 DPL=0 DS   [-WA]
GS =0010 00000000 ffffffff 00df9300 DPL=0 DS   [-WA]
LDT=0000 00000000 0000ffff 00008200 DPL=0 LDT
TR =0038 00107d80 00000067 0000e900 DPL=3 TSS32-avl
GDT=     00000800 0000003f
IDT=     00107580 00000800
CR0=80000011 CR2=00000000 CR3=0009c000 CR4=00000000
DR0=00000000 DR1=00000000 DR2=00000000 DR3=00000000 
DR6=ffff0ff0 DR7=00000400
CCS=00000010 CCD=001074e8 CCO=SUBL
EFER=0000000000000000
Servicing hardware INT=0x21
     1: v=21 e=0000 i=0 cpl=0 IP=0008:00102140 pc=00102140 SP=0010:00107478 env->regs[R_EAX]=00105490
EAX=00105490 EBX=00105490 ECX=00000000 EDX=00000000
ESI=00104ac0 EDI=001052e4 EBP=00000000 ESP=00107478
EIP=00102140 EFL=00000246 [---Z-P-] CPL=0 II=0 A20=1 SMM=0 HLT=0
ES =0010 00000000 ffffffff 00df9300 DPL=0 DS   [-WA]
CS =0008 00000000 ffffffff 00df9b00 DPL=0 CS32 [-RA]
SS =0010 00000000 ffffffff 00cf9300 DPL=0 DS   [-WA]
DS =0010 00000000 ffffffff 00df9300 DPL=0 DS   [-WA]
FS =0010 00000000 ffffffff 00df9300 DPL=0 DS   [-WA]
GS =0010 00000000 ffffffff 00df9300 DPL=0 DS   [-WA]
LDT=0000 00000000 0000ffff 00008200 DPL=0 LDT
TR =0038 00107d80 00000067 0000e900 DPL=3 TSS32-avl
GDT=     00000800 0000003f
IDT=     00107580 00000800
CR0=80000011 CR2=00000000 CR3=0009c000 CR4=00000000
DR0=00000000 DR1=00000000 DR2=00000000 DR3=00000000 
DR6=ffff0ff0 DR7=00000400
CCS=00000000 CCD=00000000 CCO=SUBL
EFER=0000000000000000
Servicing hardware INT=0x21
     2: v=21 e=0000 i=0 cpl=0 IP=0008:00102140 pc=00102140 SP=0010:00107478 env->regs[R_EAX]=00105490
EAX=00105490 EBX=00105490 ECX=00000001 EDX=00000001
ESI=00207e20 EDI=001052e4 EBP=00000001 ESP=00107478
EIP=00102140 EFL=00000246 [---Z-P-] CPL=0 II=0 A20=1 SMM=0 HLT=0
ES =0010 00000000 ffffffff 00df9300 DPL=0 DS   [-WA]
CS =0008 00000000 ffffffff 00df9b00 DPL=0 CS32 [-RA]
SS =0010 00000000 ffffffff 00cf9300 DPL=0 DS   [-WA]
DS =0010 00000000 ffffffff 00df9300 DPL=0 DS   [-WA]
FS =0010 00000000 ffffffff 00df9300 DPL=0 DS   [-WA]
GS =0010 00000000 ffffffff 00df9300 DPL=0 DS   [-WA]
LDT=0000 00000000 0000ffff 00008200 DPL=0 LDT
TR =0038 00107d80 00000067 0000e900 DPL=3 TSS32-avl
GDT=     00000800 0000003f
IDT=     00107580 00000800
CR0=80000011 CR2=00000000 CR3=0009c000 CR4=00000000
DR0=00000000 DR1=00000000 DR2=00000000 DR3=00000000 
DR6=ffff0ff0 DR7=00000400
CCS=00000001 CCD=00000000 CCO=SUBL
EFER=0000000000000000
Servicing hardware INT=0x21
     3: v=21 e=0000 i=0 cpl=0 IP=0008:00102140 pc=00102140 SP=0010:00107478 env->regs[R_EAX]=00105490
EAX=00105490 EBX=00105490 ECX=00000002 EDX=00000002
ESI=00207e20 EDI=001052e4 EBP=00000002 ESP=00107478
EIP=00102140 EFL=00000246 [---Z-P-] CPL=0 II=0 A20=1 SMM=0 HLT=0
ES =0010 00000000 ffffffff 00df9300 DPL=0 DS   [-WA]
CS =0008 00000000 ffffffff 00df9b00 DPL=0 CS32 [-RA]
SS =0010 00000000 ffffffff 00cf9300 DPL=0 DS   [-WA]
DS =0010 00000000 ffffffff 00df9300 DPL=0 DS   [-WA]
FS =0010 00000000 ffffffff 00df9300 DPL=0 DS   [-WA]
GS =0010 00000000 ffffffff 00df9300 DPL=0 DS   [-WA]
LDT=0000 00000000 0000ffff 00008200 DPL=0 LDT
TR =0038 00107d80 00000067 0000e900 DPL=3 TSS32-avl
GDT=     00000800 0000003f
IDT=     00107580 00000800
CR0=80000011 CR2=00000000 CR3=0009c000 CR4=00000000
DR0=00000000 DR1=00000000 DR2=00000000 DR3=00000000 
DR6=ffff0ff0 DR7=00000400
CCS=00000002 CCD=00000000 CCO=SUBL
EFER=0000000000000000
Servicing hardware INT=0x21
     4: v=21 e=0000 i=0 cpl=0 IP=0008:00102140 pc=00102140 SP=0010:00107478 env->regs[R_EAX]=00105490
EAX=00105490 EBX=00105490 ECX=00000002 EDX=00000002
ESI=00207e20 EDI=001052e4 EBP=00000002 ESP=00107478
EIP=00102140 EFL=00000246 [---Z-P-] CPL=0 II=0 A20=1 SMM=0 HLT=0
ES =0010 00000000 ffffffff 00df9300 DPL=0 DS   [-WA]
CS =0008 00000000 ffffffff 00df9b00 DPL=0 CS32 [-RA]
SS =0010 00000000 ffffffff 00cf9300 DPL=0 DS   [-WA]
DS =0010 00000000 ffffffff 00df9300 DPL=0 DS   [-WA]
FS =0010 00000000 ffffffff 00df9300 DPL=0 DS   [-WA]
GS =0010 00000000 ffffffff 00df9300 DPL=0 DS   [-WA]
LDT=0000 00000000 0000ffff 00008200 DPL=0 LDT
TR =0038 00107d80 00000067 0000e900 DPL=3 TSS32-avl
GDT=     00000800 0000003f
IDT=     00107580 00000800
CR0=80000011 CR2=00000000 CR3=0009c000 CR4=00000000
DR0=00000000 DR1=00000000 DR2=00000000 DR3=00000000 
DR6=ffff0ff0 DR7=00000400
CCS=00000002 CCD=00000000 CCO=SUBL
EFER=0000000000000000
Servicing hardware INT=0x21
     5: v=21 e=0000 i=0 cpl=0 IP=0008:00102140 pc=00102140 SP=0010:00107478 env->regs[R_EAX]=00105490
EAX=00105490 EBX=00105490 ECX=00000002 EDX=00000002
ESI=00207e20 EDI=001052e4 EBP=00000002 ESP=00107478
EIP=00102140 EFL=00000246 [---Z-P-] CPL=0 II=0 A20=1 SMM=0 HLT=0
ES =0010 00000000 ffffffff 00df9300 DPL=0 DS   [-WA]
CS =0008 00000000 ffffffff 00df9b00 DPL=0 CS32 [-RA]
SS =0010 00000000 ffffffff 00cf9300 DPL=0 DS   [-WA]
DS =0010 00000000 ffffffff 00df9300 DPL=0 DS   [-WA]
FS =0010 00000000 ffffffff 00df9300 DPL=0 DS   [-WA]
GS =0010 00000000 ffffffff 00df9300 DPL=0 DS   [-WA]
LDT=0000 00000000 0000ffff 00008200 DPL=0 LDT
TR =0038 00107d80 00000067 0000e900 DPL=3 TSS32-avl
GDT=     00000800 0000003f
IDT=     00107580 00000800
CR0=80000011 CR2=00000000 CR3=0009c000 CR4=00000000
DR0=00000000 DR1=00000000 DR2=00000000 DR3=00000000 
DR6=ffff0ff0 DR7=00000400
CCS=00000002 CCD=00000000 CCO=SUBL
EFER=0000000000000000
Servicing hardware INT=0x21
     6: v=21 e=0000 i=0 cpl=0 IP=0008:00102140 pc=00102140 SP=0010:00107478 env->regs[R_EAX]=00105490
EAX=00105490 EBX=00105490 ECX=00000003 EDX=00000003
ESI=00207e20 EDI=001052e4 EBP=00000003 ESP=00107478
EIP=00102140 EFL=00000246 [---Z-P-] CPL=0 II=0 A20=1 SMM=0 HLT=0
ES =0010 00000000 ffffffff 00df9300 DPL=0 DS   [-WA]
CS =0008 00000000 ffffffff 00df9b00 DPL=0 CS32 [-RA]
SS =0010 00000000 ffffffff 00cf9300 DPL=0 DS   [-WA]
DS =0010 00000000 ffffffff 00df9300 DPL=0 DS   [-WA]
FS =0010 00000000 ffffffff 00df9300 DPL=0 DS   [-WA]
GS =0010 00000000 ffffffff 00df9300 DPL=0 DS   [-WA]
LDT=0000 00000000 0000ffff 00008200 DPL=0 LDT
TR =0038 00107d80 00000067 0000e900 DPL=3 TSS32-avl
GDT=     00000800 0000003f
IDT=     00107580 00000800
CR0=80000011 CR2=00000000 CR3=0009c000 CR4=00000000
DR0=00000000 DR1=00000000 DR2=00000000 DR3=00000000 
DR6=ffff0ff0 DR7=00000400
CCS=00000003 CCD=00000000 CCO=SUBL
EFER=0000000000000000
Servicing hardware INT=0x21
     7: v=21 e=0000 i=0 cpl=0 IP=0008:00102140 pc=00102140 SP=0010:00107478 env->regs[R_EAX]=00105490
EAX=00105490 EBX=00105490 ECX=00000003 EDX=00000003
ESI=00207e20 EDI=001052e4 EBP=00000003 ESP=00107478
EIP=00102140 EFL=00000246 [---Z-P-] CPL=0 II=0 A20=1 SMM=0 HLT=0
ES =0010 00000000 ffffffff 00df9300 DPL=0 DS   [-WA]
CS =0008 00000000 ffffffff 00df9b00 DPL=0 CS32 [-RA]
SS =0010 00000000 ffffffff 00cf9300 DPL=0 DS   [-WA]
DS =0010 00000000 ffffffff 00df9300 DPL=0 DS   [-WA]
FS =0010 00000000 ffffffff 00df9300 DPL=0 DS   [-WA]
GS =0010 00000000 ffffffff 00df9300 DPL=0 DS   [-WA]
LDT=0000 00000000 0000ffff 00008200 DPL=0 LDT
TR =0038 00107d80 00000067 0000e900 DPL=3 TSS32-avl
GDT=     00000800 0000003f
IDT=     00107580 00000800
CR0=80000011 CR2=00000000 CR3=0009c000 CR4=00000000
DR0=00000000 DR1=00000000 DR2=00000000 DR3=00000000 
DR6=ffff0ff0 DR7=00000400
CCS=00000003 CCD=00000000 CCO=SUBL
EFER=0000000000000000
Servicing hardware INT=0x21
     8: v=21 e=0000 i=0 cpl=0 IP=0008:00102140 pc=00102140 SP=0010:00107478 env->regs[R_EAX]=00105490
EAX=00105490 EBX=00105490 ECX=00000004 EDX=00000004
ESI=00207e20 EDI=001052e4 EBP=00000004 ESP=00107478
EIP=00102140 EFL=00000246 [---Z-P-] CPL=0 II=0 A20=1 SMM=0 HLT=0
ES =0010 00000000 ffffffff 00df9300 DPL=0 DS   [-WA]
CS =0008 00000000 ffffffff 00df9b00 DPL=0 CS32 [-RA]
SS =0010 00000000 ffffffff 00cf9300 DPL=0 DS   [-WA]
DS =0010 00000000 ffffffff 00df9300 DPL=0 DS   [-WA]
FS =0010 00000000 ffffffff 00df9300 DPL=0 DS   [-WA]
GS =0010 00000000 ffffffff 00df9300 DPL=0 DS   [-WA]
LDT=0000 00000000 0000ffff 00008200 DPL=0 LDT
TR =0038 00107d80 00000067 0000e900 DPL=3 TSS32-avl
GDT=     00000800 0000003f
IDT=     00107580 00000800
CR0=80000011 CR2=00000000 CR3=0009c000 CR4=00000000
DR0=00000000 DR1=00000000 DR2=00000000 DR3=00000000 
DR6=ffff0ff0 DR7=00000400
CCS=00000004 CCD=00000000 CCO=SUBL
EFER=0000000000000000
Servicing hardware INT=0x21
     9: v=21 e=0000 i=0 cpl=0 IP=0008:00102140 pc=00102140 SP=0010:00107478 env->regs[R_EAX]=00105490
EAX=00105490 EBX=00105490 ECX=00000004 EDX=00000004
ESI=00207e20 EDI=001052e4 EBP=00000004 ESP=00107478
EIP=00102140 EFL=00000246 [---Z-P-] CPL=0 II=0 A20=1 SMM=0 HLT=0
ES =0010 00000000 ffffffff 00df9300 DPL=0 DS   [-WA]
CS =0008 00000000 ffffffff 00df9b00 DPL=0 CS32 [-RA]
SS =0010 00000000 ffffffff 00cf9300 DPL=0 DS   [-WA]
DS =0010 00000000 ffffffff 00df9300 DPL=0 DS   [-WA]
FS =0010 00000000 ffffffff 00df9300 DPL=0 DS   [-WA]
GS =0010 00000000 ffffffff 00df9300 DPL=0 DS   [-WA]
LDT=0000 00000000 0000ffff 00008200 DPL=0 LDT
TR =0038 00107d80 00000067 0000e900 DPL=3 TSS32-avl
GDT=     00000800 0000003f
IDT=     00107580 00000800
CR0=80000011 CR2=00000000 CR3=0009c000 CR4=00000000
DR0=00000000 DR1=00000000 DR2=00000000 DR3=00000000 
DR6=ffff0ff0 DR7=00000400
CCS=00000004 CCD=00000000 CCO=SUBL
EFER=0000000000000000
Servicing hardware INT=0x21
    10: v=21 e=0000 i=0 cpl=0 IP=0008:00102140 pc=00102140 SP=0010:00107478 env->regs[R_EAX]=00105490
EAX=00105490 EBX=00105490 ECX=00000005 EDX=00000005
ESI=00207e20 EDI=001052e4 EBP=00000005 ESP=00107478
EIP=00102140 EFL=00000246 [---Z-P-] CPL=0 II=0 A20=1 SMM=0 HLT=0
ES =0010 00000000 ffffffff 00df9300 DPL=0 DS   [-WA]
CS =0008 00000000 ffffffff 00df9b00 DPL=0 CS32 [-RA]
SS =0010 00000000 ffffffff 00cf9300 DPL=0 DS   [-WA]
DS =0010 00000000 ffffffff 00df9300 DPL=0 DS   [-WA]
FS =0010 00000000 ffffffff 00df9300 DPL=0 DS   [-WA]
GS =0010 00000000 ffffffff 00df9300 DPL=0 DS   [-WA]
LDT=0000 00000000 0000ffff 00008200 DPL=0 LDT
TR =0038 00107d80 00000067 0000e900 DPL=3 TSS32-avl
GDT=     00000800 0000003f
IDT=     00107580 00000800
CR0=80000011 CR2=00000000 CR3=0009c000 CR4=00000000
DR0=00000000 DR1=00000000 DR2=00000000 DR3=00000000 
DR6=ffff0ff0 DR7=00000400
CCS=00000005 CCD=00000000 CCO=SUBL
EFER=0000000000000000
Servicing hardware INT=0x21
    11: v=21 e=0000 i=0 cpl=0 IP=0008:00102140 pc=00102140 SP=0010:00107478 env->regs[R_EAX]=00105490
EAX=00105490 EBX=00105490 ECX=00000005 EDX=00000005
ESI=00207e20 EDI=001052e4 EBP=00000005 ESP=00107478
EIP=00102140 EFL=00000246 [---Z-P-] CPL=0 II=0 A20=1 SMM=0 HLT=0
ES =0010 00000000 ffffffff 00df9300 DPL=0 DS   [-WA]
CS =0008 00000000 ffffffff 00df9b00 DPL=0 CS32 [-RA]
SS =0010 00000000 ffffffff 00cf9300 DPL=0 DS   [-WA]
DS =0010 00000000 ffffffff 00df9300 DPL=0 DS   [-WA]
FS =0010 00000000 ffffffff 00df9300 DPL=0 DS   [-WA]
GS =0010 00000000 ffffffff 00df9300 DPL=0 DS   [-WA]
LDT=0000 00000000 0000ffff 00008200 DPL=0 LDT
TR =0038 00107d80 00000067 0000e900 DPL=3 TSS32-avl
GDT=     00000800 0000003f
IDT=     00107580 00000800
CR0=80000011 CR2=00000000 CR3=0009c000 CR4=00000000
DR0=00000000 DR1=00000000 DR2=00000000 DR3=00000000 
DR6=ffff0ff0 DR7=00000400
CCS=00000005 CCD=00000000 CCO=SUBL
EFER=0000000000000000
Servicing hardware INT=0x21
    12: v=21 e=0000 i=0 cpl=0 IP=0008:00102140 pc=00102140 SP=0010:00107478 env->regs[R_EAX]=00105490
EAX=00105490 EBX=00105490 ECX=00000005 EDX=00000005
ESI=00207e20 EDI=001052e4 EBP=00000005 ESP=00107478
EIP=00102140 EFL=00000246 [---Z-P-] CPL=0 II=0 A20=1 SMM=0 HLT=0
ES =0010 00000000 ffffffff 00df9300 DPL=0 DS   [-WA]
CS =0008 00000000 ffffffff 00df9b00 DPL=0 CS32 [-RA]
SS =0010 00000000 ffffffff 00cf9300 DPL=0 DS   [-WA]
DS =0010 00000000 ffffffff 00df9300 DPL=0 DS   [-WA]
FS =0010 00000000 ffffffff 00df9300 DPL=0 DS   [-WA]
GS =0010 00000000 ffffffff 00df9300 DPL=0 DS   [-WA]
LDT=0000 00000000 0000ffff 00008200 DPL=0 LDT
TR =0038 00107d80 00000067 0000e900 DPL=3 TSS32-avl
GDT=     00000800 0000003f
IDT=     00107580 00000800
CR0=80000011 CR2=00000000 CR3=0009c000 CR4=00000000
DR0=00000000 DR1=00000000 DR2=00000000 DR3=00000000 
DR6=ffff0ff0 DR7=00000400
CCS=00000005 CCD=00000000 CCO=SUBL
EFER=0000000000000000
Servicing hardware INT=0x21
    13: v=21 e=0000 i=0 cpl=0 IP=0008:00102140 pc=00102140 SP=0010:00107478 env->regs[R_EAX]=00105490
EAX=00105490 EBX=00105490 ECX=00000006 EDX=00000006
ESI=00207e20 EDI=001052e4 EBP=00000006 ESP=00107478
EIP=00102140 EFL=00000246 [---Z-P-] CPL=0 II=0 A20=1 SMM=0 HLT=0
ES =0010 00000000 ffffffff 00df9300 DPL=0 DS   [-WA]
CS =0008 00000000 ffffffff 00df9b00 DPL=0 CS32 [-RA]
SS =0010 00000000 ffffffff 00cf9300 DPL=0 DS   [-WA]
DS =0010 00000000 ffffffff 00df9300 DPL=0 DS   [-WA]
FS =0010 00000000 ffffffff 00df9300 DPL=0 DS   [-WA]
GS =0010 00000000 ffffffff 00df9300 DPL=0 DS   [-WA]
LDT=0000 00000000 0000ffff 00008200 DPL=0 LDT
TR =0038 00107d80 00000067 0000e900 DPL=3 TSS32-avl
GDT=     00000800 0000003f
IDT=     00107580 00000800
CR0=80000011 CR2=00000000 CR3=0009c000 CR4=00000000
DR0=00000000 DR1=00000000 DR2=00000000 DR3=00000000 
DR6=ffff0ff0 DR7=00000400
CCS=00000006 CCD=00000000 CCO=SUBL
EFER=0000000000000000
Servicing hardware INT=0x21
    14: v=21 e=0000 i=0 cpl=0 IP=0008:00102140 pc=00102140 SP=0010:00107478 env->regs[R_EAX]=00105490
EAX=00105490 EBX=00105490 ECX=00000006 EDX=00000006
ESI=00207e20 EDI=001052e4 EBP=00000006 ESP=00107478
EIP=00102140 EFL=00000246 [---Z-P-] CPL=0 II=0 A20=1 SMM=0 HLT=0
ES =0010 00000000 ffffffff 00df9300 DPL=0 DS   [-WA]
CS =0008 00000000 ffffffff 00df9b00 DPL=0 CS32 [-RA]
SS =0010 00000000 ffffffff 00cf9300 DPL=0 DS   [-WA]
DS =0010 00000000 ffffffff 00df9300 DPL=0 DS   [-WA]
FS =0010 00000000 ffffffff 00df9300 DPL=0 DS   [-WA]
GS =0010 00000000 ffffffff 00df9300 DPL=0 DS   [-WA]
LDT=0000 00000000 0000ffff 00008200 DPL=0 LDT
TR =0038 00107d80 00000067 0000e900 DPL=3 TSS32-avl
GDT=     00000800 0000003f
IDT=     00107580 00000800
CR0=80000011 CR2=00000000 CR3=0009c000 CR4=00000000
DR0=00000000 DR1=00000000 DR2=00000000 DR3=00000000 
DR6=ffff0ff0 DR7=00000400
CCS=00000006 CCD=00000000 CCO=SUBL
EFER=0000000000000000
Servicing hardware INT=0x21
    15: v=21 e=0000 i=0 cpl=0 IP=0008:00102140 pc=00102140 SP=0010:00107478 env->regs[R_EAX]=00105490
EAX=00105490 EBX=00105490 ECX=00000006 EDX=00000006
ESI=00207e20 EDI=001052e4 EBP=00000006 ESP=00107478
EIP=00102140 EFL=00000246 [---Z-P-] CPL=0 II=0 A20=1 SMM=0 HLT=0
ES =0010 00000000 ffffffff 00df9300 DPL=0 DS   [-WA]
CS =0008 00000000 ffffffff 00df9b00 DPL=0 CS32 [-RA]
SS =0010 00000000 ffffffff 00cf9300 DPL=0 DS   [-WA]
DS =0010 00000000 ffffffff 00df9300 DPL=0 DS   [-WA]
FS =0010 00000000 ffffffff 00df9300 DPL=0 DS   [-WA]
GS =0010 00000000 ffffffff 00df9300 DPL=0 DS   [-WA]
LDT=0000 00000000 0000ffff 00008200 DPL=0 LDT
TR =0038 00107d80 00000067 0000e900 DPL=3 TSS32-avl
GDT=     00000800 0000003f
IDT=     00107580 00000800
CR0=80000011 CR2=00000000 CR3=0009c000 CR4=00000000
DR0=00000000 DR1=00000000 DR2=00000000 DR3=00000000 
DR6=ffff0ff0 DR7=00000400
CCS=00000044 CCD=00000000 CCO=EFLAGS
EFER=0000000000000000
Servicing hardware INT=0x21
    16: v=21 e=0000 i=0 cpl=0 IP=0008:00102140 pc=00102140 SP=0010:00107478 env->regs[R_EAX]=00105490
EAX=00105490 EBX=00105490 ECX=00000007 EDX=00000007
ESI=00207e20 EDI=001052e4 EBP=00000007 ESP=00107478
EIP=00102140 EFL=00000246 [---Z-P-] CPL=0 II=0 A20=1 SMM=0 HLT=0
ES =0010 00000000 ffffffff 00df9300 DPL=0 DS   [-WA]
CS =0008 00000000 ffffffff 00df9b00 DPL=0 CS32 [-RA]
SS =0010 00000000 ffffffff 00cf9300 DPL=0 DS   [-WA]
DS =0010 00000000 ffffffff 00df9300 DPL=0 DS   [-WA]
FS =0010 00000000 ffffffff 00df9300 DPL=0 DS   [-WA]
GS =0010 00000000 ffffffff 00df9300 DPL=0 DS   [-WA]
LDT=0000 00000000 0000ffff 00008200 DPL=0 LDT
TR =0038 00107d80 00000067 0000e900 DPL=3 TSS32-avl
GDT=     00000800 0000003f
IDT=     00107580 00000800
CR0=80000011 CR2=00000000 CR3=0009c000 CR4=00000000
DR0=00000000 DR1=00000000 DR2=00000000 DR3=00000000 
DR6=ffff0ff0 DR7=00000400
CCS=00000007 CCD=00000000 CCO=SUBL
EFER=0000000000000000
Servicing hardware INT=0x21
    17: v=21 e=0000 i=0 cpl=0 IP=0008:00102140 pc=00102140 SP=0010:00107478 env->regs[R_EAX]=00105490
EAX=00105490 EBX=00105490 ECX=00000007 EDX=00000007
ESI=00207e20 EDI=001052e4 EBP=00000007 ESP=00107478
EIP=00102140 EFL=00000246 [---Z-P-] CPL=0 II=0 A20=1 SMM=0 HLT=0
ES =0010 00000000 ffffffff 00df9300 DPL=0 DS   [-WA]
CS =0008 00000000 ffffffff 00df9b00 DPL=0 CS32 [-RA]
SS =0010 00000000 ffffffff 00cf9300 DPL=0 DS   [-WA]
DS =0010 00000000 ffffffff 00df9300 DPL=0 DS   [-WA]
FS =0010 00000000 ffffffff 00df9300 DPL=0 DS   [-WA]
GS =0010 00000000 ffffffff 00df9300 DPL=0 DS   [-WA]
LDT=0000 00000000 0000ffff 00008200 DPL=0 LDT
TR =0038 00107d80 00000067 0000e900 DPL=3 TSS32-avl
GDT=     00000800 0000003f
IDT=     00107580 00000800
CR0=80000011 CR2=00000000 CR3=0009c000 CR4=00000000
DR0=00000000 DR1=00000000 DR2=00000000 DR3=00000000 
DR6=ffff0ff0 DR7=00000400
CCS=00000007 CCD=00000000 CCO=SUBL
EFER=0000000000000000
Servicing hardware INT=0x21
    18: v=21 e=0000 i=0 cpl=0 IP=0008:00102140 pc=00102140 SP=0010:00107478 env->regs[R_EAX]=00105490
EAX=00105490 EBX=00105490 ECX=00000008 EDX=00000008
ESI=00207e20 EDI=001052e4 EBP=00000008 ESP=00107478
EIP=00102140 EFL=00000246 [---Z-P-] CPL=0 II=0 A20=1 SMM=0 HLT=0
ES =0010 00000000 ffffffff 00df9300 DPL=0 DS   [-WA]
CS =0008 00000000 ffffffff 00df9b00 DPL=0 CS32 [-RA]
SS =0010 00000000 ffffffff 00cf9300 DPL=0 DS   [-WA]
DS =0010 00000000 ffffffff 00df9300 DPL=0 DS   [-WA]
FS =0010 00000000 ffffffff 00df9300 DPL=0 DS   [-WA]
GS =0010 00000000 ffffffff 00df9300 DPL=0 DS   [-WA]
LDT=0000 00000000 0000ffff 00008200 DPL=0 LDT
TR =0038 00107d80 00000067 0000e900 DPL=3 TSS32-avl
GDT=     00000800 0000003f
IDT=     00107580 00000800
CR0=80000011 CR2=00000000 CR3=0009c000 CR4=00000000
DR0=00000000 DR1=00000000 DR2=00000000 DR3=00000000 
DR6=ffff0ff0 DR7=00000400
CCS=00000008 CCD=00000000 CCO=SUBL
EFER=0000000000000000
Servicing hardware INT=0x21
    19: v=21 e=0000 i=0 cpl=0 IP=0008:00102140 pc=00102140 SP=0010:00107478 env->regs[R_EAX]=00105490
EAX=00105490 EBX=00105490 ECX=00000008 EDX=00000008
ESI=00207e20 EDI=001052e4 EBP=00000008 ESP=00107478
EIP=00102140 EFL=00000246 [---Z-P-] CPL=0 II=0 A20=1 SMM=0 HLT=0
ES =0010 00000000 ffffffff 00df9300 DPL=0 DS   [-WA]
CS =0008 00000000 ffffffff 00df9b00 DPL=0 CS32 [-RA]
SS =0010 00000000 ffffffff 00cf9300 DPL=0 DS   [-WA]
DS =0010 00000000 ffffffff 00df9300 DPL=0 DS   [-WA]
FS =0010 00000000 ffffffff 00df9300 DPL=0 DS   [-WA]
GS =0010 00000000 ffffffff 00df9300 DPL=0 DS   [-WA]
LDT=0000 00000000 0000ffff 00008200 DPL=0 LDT
TR =0038 00107d80 00000067 0000e900 DPL=3 TSS32-avl
GDT=     00000800 0000003f
IDT=     00107580 00000800
CR0=80000011 CR2=00000000 CR3=0009c000 CR4=00000000
DR0=00000000 DR1=00000000 DR2=00000000 DR3=00000000 
DR6=ffff0ff0 DR7=00000400
CCS=00000044 CCD=00000000 CCO=EFLAGS
EFER=0000000000000000
Servicing hardware INT=0x21
    20: v=21 e=0000 i=0 cpl=0 IP=0008:00102140 pc=00102140 SP=0010:00107478 env->regs[R_EAX]=00105490
EAX=00105490 EBX=00105490 ECX=00000009 EDX=00000009
ESI=00207e20 EDI=001052e4 EBP=00000007 ESP=00107478
EIP=00102140 EFL=00000246 [---Z-P-] CPL=0 II=0 A20=1 SMM=0 HLT=0
ES =0010 00000000 ffffffff 00df9300 DPL=0 DS   [-WA]
CS =0008 00000000 ffffffff 00df9b00 DPL=0 CS32 [-RA]
SS =0010 00000000 ffffffff 00cf9300 DPL=0 DS   [-WA]
DS =0010 00000000 ffffffff 00df9300 DPL=0 DS   [-WA]
FS =0010 00000000 ffffffff 00df9300 DPL=0 DS   [-WA]
GS =0010 00000000 ffffffff 00df9300 DPL=0 DS   [-WA]
LDT=0000 00000000 0000ffff 00008200 DPL=0 LDT
TR =0038 00107d80 00000067 0000e900 DPL=3 TSS32-avl
GDT=     00000800 0000003f
IDT=     00107580 00000800
CR0=80000011 CR2=00000000 CR3=0009c000 CR4=00000000
DR0=00000000 DR1=00000000 DR2=00000000 DR3=00000000 
DR6=ffff0ff0 DR7=00000400
CCS=00000009 CCD=00000000 CCO=SUBL
EFER=0000000000000000
Servicing hardware INT=0x21
    21: v=21 e=0000 i=0 cpl=0 IP=0008:00102140 pc=00102140 SP=0010:00107478 env->regs[R_EAX]=00105490
EAX=00105490 EBX=00105490 ECX=00000009 EDX=00000009
ESI=00207e20 EDI=001052e4 EBP=00000007 ESP=00107478
EIP=00102140 EFL=00000246 [---Z-P-] CPL=0 II=0 A20=1 SMM=0 HLT=0
ES =0010 00000000 ffffffff 00df9300 DPL=0 DS   [-WA]
CS =0008 00000000 ffffffff 00df9b00 DPL=0 CS32 [-RA]
SS =0010 00000000 ffffffff 00cf9300 DPL=0 DS   [-WA]
DS =0010 00000000 ffffffff 00df9300 DPL=0 DS   [-WA]
FS =0010 00000000 ffffffff 00df9300 DPL=0 DS   [-WA]
GS =0010 00000000 ffffffff 00df9300 DPL=0 DS   [-WA]
LDT=0000 00000000 0000ffff 00008200 DPL=0 LDT
TR =0038 00107d80 00000067 0000e900 DPL=3 TSS32-avl
GDT=     00000800 0000003f
IDT=     00107580 00000800
CR0=80000011 CR2=00000000 CR3=0009c000 CR4=00000000
DR0=00000000 DR1=00000000 DR2=00000000 DR3=00000000 
DR6=ffff0ff0 DR7=00000400
CCS=00000009 CCD=00000000 CCO=SUBL
EFER=0000000000000000
Servicing hardware INT=0x21
    22: v=21 e=0000 i=0 cpl=0 IP=0008:00102140 pc=00102140 SP=0010:00107478 env->regs[R_EAX]=00105490
EAX=00105490 EBX=00105490 ECX=0000000a EDX=0000000a
ESI=00207e20 EDI=001052e4 EBP=00000006 ESP=00107478
EIP=00102140 EFL=00000246 [---Z-P-] CPL=0 II=0 A20=1 SMM=0 HLT=0
ES =0010 00000000 ffffffff 00df9300 DPL=0 DS   [-WA]
CS =0008 00000000 ffffffff 00df9b00 DPL=0 CS32 [-RA]
SS =0010 00000000 ffffffff 00cf9300 DPL=0 DS   [-WA]
DS =0010 00000000 ffffffff 00df9300 DPL=0 DS   [-WA]
FS =0010 00000000 ffffffff 00df9300 DPL=0 DS   [-WA]
GS =0010 00000000 ffffffff 00df9300 DPL=0 DS   [-WA]
LDT=0000 00000000 0000ffff 00008200 DPL=0 LDT
TR =0038 00107d80 00000067 0000e900 DPL=3 TSS32-avl
GDT=     00000800 0000003f
IDT=     00107580 00000800
CR0=80000011 CR2=00000000 CR3=0009c000 CR4=00000000
DR0=00000000 DR1=00000000 DR2=00000000 DR3=00000000 
DR6=ffff0ff0 DR7=00000400
CCS=0000000a CCD=00000000 CCO=SUBL
EFER=0000000000000000
Servicing hardware INT=0x21
    23: v=21 e=0000 i=0 cpl=0 IP=0008:00102140 pc=00102140 SP=0010:00107478 env->regs[R_EAX]=00105490
EAX=00105490 EBX=00105490 ECX=0000000a EDX=0000000a
ESI=00207e20 EDI=001052e4 EBP=00000006 ESP=00107478
EIP=00102140 EFL=00000246 [---Z-P-] CPL=0 II=0 A20=1 SMM=0 HLT=0
ES =0010 00000000 ffffffff 00df9300 DPL=0 DS   [-WA]
CS =0008 00000000 ffffffff 00df9b00 DPL=0 CS32 [-RA]
SS =0010 00000000 ffffffff 00cf9300 DPL=0 DS   [-WA]
DS =0010 00000000 ffffffff 00df9300 DPL=0 DS   [-WA]
FS =0010 00000000 ffffffff 00df9300 DPL=0 DS   [-WA]
GS =0010 00000000 ffffffff 00df9300 DPL=0 DS   [-WA]
LDT=0000 00000000 0000ffff 00008200 DPL=0 LDT
TR =0038 00107d80 00000067 0000e900 DPL=3 TSS32-avl
GDT=     00000800 0000003f
IDT=     00107580 00000800
CR0=80000011 CR2=00000000 CR3=0009c000 CR4=00000000
DR0=00000000 DR1=00000000 DR2=00000000 DR3=00000000 
DR6=ffff0ff0 DR7=00000400
CCS=0000000a CCD=00000000 CCO=SUBL
EFER=0000000000000000
Servicing hardware INT=0x21
    24: v=21 e=0000 i=0 cpl=0 IP=0008:00102140 pc=00102140 SP=0010:00107478 env->regs[R_EAX]=00105490
EAX=00105490 EBX=00105490 ECX=0000000b EDX=0000000b
ESI=00207e20 EDI=001052e4 EBP=00000007 ESP=00107478
EIP=00102140 EFL=00000246 [---Z-P-] CPL=0 II=0 A20=1 SMM=0 HLT=0
ES =0010 00000000 ffffffff 00df9300 DPL=0 DS   [-WA]
CS =0008 00000000 ffffffff 00df9b00 DPL=0 CS32 [-RA]
SS =0010 00000000 ffffffff 00cf9300 DPL=0 DS   [-WA]
DS =0010 00000000 ffffffff 00df9300 DPL=0 DS   [-WA]
FS =0010 00000000 ffffffff 00df9300 DPL=0 DS   [-WA]
GS =0010 00000000 ffffffff 00df9300 DPL=0 DS   [-WA]
LDT=0000 00000000 0000ffff 00008200 DPL=0 LDT
TR =0038 00107d80 00000067 0000e900 DPL=3 TSS32-avl
GDT=     00000800 0000003f
IDT=     00107580 00000800
CR0=80000011 CR2=00000000 CR3=0009c000 CR4=00000000
DR0=00000000 DR1=00000000 DR2=00000000 DR3=00000000 
DR6=ffff0ff0 DR7=00000400
CCS=0000000b CCD=00000000 CCO=SUBL
EFER=0000000000000000
Servicing hardware INT=0x21
    25: v=21 e=0000 i=0 cpl=0 IP=0008:00102140 pc=00102140 SP=0010:00107478 env->regs[R_EAX]=00105490
EAX=00105490 EBX=00105490 ECX=0000000b EDX=0000000b
ESI=00207e20 EDI=001052e4 EBP=00000007 ESP=00107478
EIP=00102140 EFL=00000246 [---Z-P-] CPL=0 II=0 A20=1 SMM=0 HLT=0
ES =0010 00000000 ffffffff 00df9300 DPL=0 DS   [-WA]
CS =0008 00000000 ffffffff 00df9b00 DPL=0 CS32 [-RA]
SS =0010 00000000 ffffffff 00cf9300 DPL=0 DS   [-WA]
DS =0010 00000000 ffffffff 00df9300 DPL=0 DS   [-WA]
FS =0010 00000000 ffffffff 00df9300 DPL=0 DS   [-WA]
GS =0010 00000000 ffffffff 00df9300 DPL=0 DS   [-WA]
LDT=0000 00000000 0000ffff 00008200 DPL=0 LDT
TR =0038 00107d80 00000067 0000e900 DPL=3 TSS32-avl
GDT=     00000800 0000003f
IDT=     00107580 00000800
CR0=80000011 CR2=00000000 CR3=0009c000 CR4=00000000
DR0=00000000 DR1=00000000 DR2=00000000 DR3=00000000 
DR6=ffff0ff0 DR7=00000400
CCS=0000000b CCD=00000000 CCO=SUBL
EFER=0000000000000000
Servicing hardware INT=0x21
    26: v=21 e=0000 i=0 cpl=0 IP=0008:00102140 pc=00102140 SP=0010:00107478 env->regs[R_EAX]=00105490
EAX=00105490 EBX=00105490 ECX=0000000c EDX=0000000c
ESI=00207e20 EDI=001052e4 EBP=00000008 ESP=00107478
EIP=00102140 EFL=00000246 [---Z-P-] CPL=0 II=0 A20=1 SMM=0 HLT=0
ES =0010 00000000 ffffffff 00df9300 DPL=0 DS   [-WA]
CS =0008 00000000 ffffffff 00df9b00 DPL=0 CS32 [-RA]
SS =0010 00000000 ffffffff 00cf9300 DPL=0 DS   [-WA]
DS =0010 00000000 ffffffff 00df9300 DPL=0 DS   [-WA]
FS =0010 00000000 ffffffff 00df9300 DPL=0 DS   [-WA]
GS =0010 00000000 ffffffff 00df9300 DPL=0 DS   [-WA]
LDT=0000 00000000 0000ffff 00008200 DPL=0 LDT
TR =0038 00107d80 00000067 0000e900 DPL=3 TSS32-avl
GDT=     00000800 0000003f
IDT=     00107580 00000800
CR0=80000011 CR2=00000000 CR3=0009c000 CR4=00000000
DR0=00000000 DR1=00000000 DR2=00000000 DR3=00000000 
DR6=ffff0ff0 DR7=00000400
CCS=0000000c CCD=00000000 CCO=SUBL
EFER=0000000000000000
Servicing hardware INT=0x21
    27: v=21 e=0000 i=0 cpl=0 IP=0008:00102140 pc=00102140 SP=0010:00107478 env->regs[R_EAX]=00105490
EAX=00105490 EBX=00105490 ECX=0000000c EDX=0000000c
ESI=00207e20 EDI=001052e4 EBP=00000008 ESP=00107478
EIP=00102140 EFL=00000246 [---Z-P-] CPL=0 II=0 A20=1 SMM=0 HLT=0
ES =0010 00000000 ffffffff 00df9300 DPL=0 DS   [-WA]
CS =0008 00000000 ffffffff 00df9b00 DPL=0 CS32 [-RA]
SS =0010 00000000 ffffffff 00cf9300 DPL=0 DS   [-WA]
DS =0010 00000000 ffffffff 00df9300 DPL=0 DS   [-WA]
FS =0010 00000000 ffffffff 00df9300 DPL=0 DS   [-WA]
GS =0010 00000000 ffffffff 00df9300 DPL=0 DS   [-WA]
LDT=0000 00000000 0000ffff 00008200 DPL=0 LDT
TR =0038 00107d80 00000067 0000e900 DPL=3 TSS32-avl
GDT=     00000800 0000003f
IDT=     00107580 00000800
CR0=80000011 CR2=00000000 CR3=0009c000 CR4=00000000
DR0=00000000 DR1=00000000 DR2=00000000 DR3=00000000 
DR6=ffff0ff0 DR7=00000400
CCS=0000000c CCD=00000000 CCO=SUBL
EFER=0000000000000000
Servicing hardware INT=0x21
    28: v=21 e=0000 i=0 cpl=0 IP=0008:00102140 pc=00102140 SP=0010:00107478 env->regs[R_EAX]=00105490
EAX=00105490 EBX=00105490 ECX=0000000d EDX=0000000d
ESI=00207e20 EDI=001052e4 EBP=00000009 ESP=00107478
EIP=00102140 EFL=00000246 [---Z-P-] CPL=0 II=0 A20=1 SMM=0 HLT=0
ES =0010 00000000 ffffffff 00df9300 DPL=0 DS   [-WA]
CS =0008 00000000 ffffffff 00df9b00 DPL=0 CS32 [-RA]
SS =0010 00000000 ffffffff 00cf9300 DPL=0 DS   [-WA]
DS =0010 00000000 ffffffff 00df9300 DPL=0 DS   [-WA]
FS =0010 00000000 ffffffff 00df9300 DPL=0 DS   [-WA]
GS =0010 00000000 ffffffff 00df9300 DPL=0 DS   [-WA]
LDT=0000 00000000 0000ffff 00008200 DPL=0 LDT
TR =0038 00107d80 00000067 0000e900 DPL=3 TSS32-avl
GDT=     00000800 0000003f
IDT=     00107580 00000800
CR0=80000011 CR2=00000000 CR3=0009c000 CR4=00000000
DR0=00000000 DR1=00000000 DR2=00000000 DR3=00000000 
DR6=ffff0ff0 DR7=00000400
CCS=0000000d CCD=00000000 CCO=SUBL
EFER=0000000000000000
Servicing hardware INT=0x21
    29: v=21 e=0000 i=0 cpl=0 IP=0008:00102140 pc=00102140 SP=0010:00107478 env->regs[R_EAX]=00105490
EAX=00105490 EBX=00105490 ECX=0000000e EDX=0000000e
ESI=00207e20 EDI=001052e4 EBP=0000000a ESP=00107478
EIP=00102140 EFL=00000246 [---Z-P-] CPL=0 II=0 A20=1 SMM=0 HLT=0
ES =0010 00000000 ffffffff 00df9300 DPL=0 DS   [-WA]
CS =0008 00000000 ffffffff 00df9b00 DPL=0 CS32 [-RA]
SS =0010 00000000 ffffffff 00cf9300 DPL=0 DS   [-WA]
DS =0010 00000000 ffffffff 00df9300 DPL=0 DS   [-WA]
FS =0010 00000000 ffffffff 00df9300 DPL=0 DS   [-WA]
GS =0010 00000000 ffffffff 00df9300 DPL=0 DS   [-WA]
LDT=0000 00000000 0000ffff 00008200 DPL=0 LDT
TR =0038 00107d80 00000067 0000e900 DPL=3 TSS32-avl
GDT=     00000800 0000003f
IDT=     00107580 00000800
CR0=80000011 CR2=00000000 CR3=0009c000 CR4=00000000
DR0=00000000 DR1=00000000 DR2=00000000 DR3=00000000 
DR6=ffff0ff0 DR7=00000400
CCS=0000000e CCD=00000000 CCO=SUBL
EFER=0000000000000000
Servicing hardware INT=0x21
    30: v=21 e=0000 i=0 cpl=0 IP=0008:00102140 pc=00102140 SP=0010:00107478 env->regs[R_EAX]=00105490
EAX=00105490 EBX=00105490 ECX=0000000e EDX=0000000e
ESI=00207e20 EDI=001052e4 EBP=0000000a ESP=00107478
EIP=00102140 EFL=00000246 [---Z-P-] CPL=0 II=0 A20=1 SMM=0 HLT=0
ES =0010 00000000 ffffffff 00df9300 DPL=0 DS   [-WA]
CS =0008 00000000 ffffffff 00df9b00 DPL=0 CS32 [-RA]
SS =0010 00000000 ffffffff 00cf9300 DPL=0 DS   [-WA]
DS =0010 00000000 ffffffff 00df9300 DPL=0 DS   [-WA]
FS =0010 00000000 ffffffff 00df9300 DPL=0 DS   [-WA]
GS =0010 00000000 ffffffff 00df9300 DPL=0 DS   [-WA]
LDT=0000 00000000 0000ffff 00008200 DPL=0 LDT
TR =0038 00107d80 00000067 0000e900 DPL=3 TSS32-avl
GDT=     00000800 0000003f
IDT=     00107580 00000800
CR0=80000011 CR2=00000000 CR3=0009c000 CR4=00000000
DR0=00000000 DR1=00000000 DR2=00000000 DR3=00000000 
DR6=ffff0ff0 DR7=00000400
CCS=0000000e CCD=00000000 CCO=SUBL
EFER=0000000000000000
Servicing hardware INT=0x21
    31: v=21 e=0000 i=0 cpl=0 IP=0008:00102140 pc=00102140 SP=0010:00107478 env->regs[R_EAX]=00105490
EAX=00105490 EBX=00105490 ECX=0000000e EDX=0000000e
ESI=00207e20 EDI=001052e4 EBP=0000000a ESP=00107478
EIP=00102140 EFL=00000246 [---Z-P-] CPL=0 II=0 A20=1 SMM=0 HLT=0
ES =0010 00000000 ffffffff 00df9300 DPL=0 DS   [-WA]
CS =0008 00000000 ffffffff 00df9b00 DPL=0 CS32 [-RA]
SS =0010 00000000 ffffffff 00cf9300 DPL=0 DS   [-WA]
DS =0010 00000000 ffffffff 00df9300 DPL=0 DS   [-WA]
FS =0010 00000000 ffffffff 00df9300 DPL=0 DS   [-WA]
GS =0010 00000000 ffffffff 00df9300 DPL=0 DS   [-WA]
LDT=0000 00000000 0000ffff 00008200 DPL=0 LDT
TR =0038 00107d80 00000067 0000e900 DPL=3 TSS32-avl
GDT=     00000800 0000003f
IDT=     00107580 00000800
CR0=80000011 CR2=00000000 CR3=0009c000 CR4=00000000
DR0=00000000 DR1=00000000 DR2=00000000 DR3=00000000 
DR6=ffff0ff0 DR7=00000400
CCS=00000044 CCD=00000000 CCO=EFLAGS
EFER=0000000000000000
Servicing hardware INT=0x21
    32: v=21 e=0000 i=0 cpl=0 IP=0008:00102140 pc=00102140 SP=0010:00107478 env->regs[R_EAX]=00105490
EAX=00105490 EBX=00105490 ECX=0000000f EDX=0000000f
ESI=00207e20 EDI=001052e4 EBP=0000000b ESP=00107478
EIP=00102140 EFL=00000246 [---Z-P-] CPL=0 II=0 A20=1 SMM=0 HLT=0
ES =0010 00000000 ffffffff 00df9300 DPL=0 DS   [-WA]
CS =0008 00000000 ffffffff 00df9b00 DPL=0 CS32 [-RA]
SS =0010 00000000 ffffffff 00cf9300 DPL=0 DS   [-WA]
DS =0010 00000000 ffffffff 00df9300 DPL=0 DS   [-WA]
FS =0010 00000000 ffffffff 00df9300 DPL=0 DS   [-WA]
GS =0010 00000000 ffffffff 00df9300 DPL=0 DS   [-WA]
LDT=0000 00000000 0000ffff 00008200 DPL=0 LDT
TR =0038 00107d80 00000067 0000e900 DPL=3 TSS32-avl
GDT=     00000800 0000003f
IDT=     00107580 00000800
CR0=80000011 CR2=00000000 CR3=0009c000 CR4=00000000
DR0=00000000 DR1=00000000 DR2=00000000 DR3=00000000 
DR6=ffff0ff0 DR7=00000400
CCS=0000000f CCD=00000000 CCO=SUBL
EFER=0000000000000000
Servicing hardware INT=0x21
    33: v=21 e=0000 i=0 cpl=0 IP=0008:00102140 pc=00102140 SP=0010:00107478 env->regs[R_EAX]=00105490
EAX=00105490 EBX=00105490 ECX=0000000f EDX=0000000f
ESI=00207e20 EDI=001052e4 EBP=0000000b ESP=00107478
EIP=00102140 EFL=00000246 [---Z-P-] CPL=0 II=0 A20=1 SMM=0 HLT=0
ES =0010 00000000 ffffffff 00df9300 DPL=0 DS   [-WA]
CS =0008 00000000 ffffffff 00df9b00 DPL=0 CS32 [-RA]
SS =0010 00000000 ffffffff 00cf9300 DPL=0 DS   [-WA]
DS =0010 00000000 ffffffff 00df9300 DPL=0 DS   [-WA]
FS =0010 00000000 ffffffff 00df9300 DPL=0 DS   [-WA]
GS =0010 00000000 ffffffff 00df9300 DPL=0 DS   [-WA]
LDT=0000 00000000 0000ffff 00008200 DPL=0 LDT
TR =0038 00107d80 00000067 0000e900 DPL=3 TSS32-avl
GDT=     00000800 0000003f
IDT=     00107580 00000800
CR0=80000011 CR2=00000000 CR3=0009c000 CR4=00000000
DR0=00000000 DR1=00000000 DR2=00000000 DR3=00000000 
DR6=ffff0ff0 DR7=00000400
CCS=0000000f CCD=00000000 CCO=SUBL
EFER=0000000000000000
    34: v=80 e=0000 i=1 cpl=3 IP=0023:c0000083 pc=c0000083 SP=0033:d0000fc4 env->regs[R_EAX]=00000001
EAX=00000001 EBX=c00003f0 ECX=00207a2b EDX=c00003f0
ESI=00207a20 EDI=00207910 EBP=d0000fc8 ESP=d0000fc4
EIP=c0000083 EFL=00000286 [--S--P-] CPL=3 II=0 A20=1 SMM=0 HLT=0
ES =002b 00000000 ffffffff 00dff300 DPL=3 DS   [-WA]
CS =0023 00000000 ffffffff 00dfff00 DPL=3 CS32 [CRA]
SS =0033 00000000 ffffffff 00dff700 DPL=3 DS   [EWA]
DS =002b 00000000 ffffffff 00dff300 DPL=3 DS   [-WA]
FS =002b 00000000 ffffffff 00dff300 DPL=3 DS   [-WA]
GS =002b 00000000 ffffffff 00dff300 DPL=3 DS   [-WA]
LDT=0000 00000000 0000ffff 00008200 DPL=0 LDT
TR =0038 00107d80 00000067 0000e900 DPL=3 TSS32-avl
GDT=     00000800 0000003f
IDT=     00107580 00000800
CR0=80000011 CR2=00000000 CR3=0009c000 CR4=00000000
DR0=00000000 DR1=00000000 DR2=00000000 DR3=00000000 
DR6=ffff0ff0 DR7=00000400
CCS=00000018 CCD=d0000fd4 CCO=SUBL
EFER=0000000000000000
    35: v=80 e=0000 i=1 cpl=3 IP=0023:c0000083 pc=c0000083 SP=0033:d0000fc4 env->regs[R_EAX]=00000001
EAX=00000001 EBX=c0000406 ECX=00207a2b EDX=c0000406
ESI=00207a20 EDI=00207910 EBP=d0000fc8 ESP=d0000fc4
EIP=c0000083 EFL=00000286 [--S--P-] CPL=3 II=0 A20=1 SMM=0 HLT=0
ES =0000 00000000 ffffffff 00df1300
CS =0023 00000000 ffffffff 00dfff00 DPL=3 CS32 [CRA]
SS =0033 00000000 ffffffff 00dff700 DPL=3 DS   [EWA]
DS =0000 00000000 ffffffff 00df1300
FS =0000 00000000 ffffffff 00df1300
GS =0000 00000000 ffffffff 00df1300
LDT=0000 00000000 0000ffff 00008200 DPL=0 LDT
TR =0038 00107d80 00000067 0000e900 DPL=3 TSS32-avl
GDT=     00000800 0000003f
IDT=     00107580 00000800
CR0=80000011 CR2=00000000 CR3=0009c000 CR4=00000000
DR0=00000000 DR1=00000000 DR2=00000000 DR3=00000000 
DR6=ffff0ff0 DR7=00000400
CCS=00000004 CCD=d0000fd4 CCO=ADDL
EFER=0000000000000000
check_exception old: 0xffffffff new 0xe
    36: v=0e e=0004 i=0 cpl=3 IP=0023:c00000eb pc=c00000eb SP=0033:d0000fa0 CR2=c0010720
EAX=00000000 EBX=00105490 ECX=00207a2b EDX=c0000406
ESI=00207a20 EDI=00207910 EBP=d0000fb0 ESP=d0000fa0
EIP=c00000eb EFL=00000286 [--S--P-] CPL=3 II=0 A20=1 SMM=0 HLT=0
ES =0000 00000000 ffffffff 00df1300
CS =0023 00000000 ffffffff 00dfff00 DPL=3 CS32 [CRA]
SS =0033 00000000 ffffffff 00dff700 DPL=3 DS   [EWA]
DS =0000 00000000 ffffffff 00df1300
FS =0000 00000000 ffffffff 00df1300
GS =0000 00000000 ffffffff 00df1300
LDT=0000 00000000 0000ffff 00008200 DPL=0 LDT
TR =0038 00107d80 00000067 0000e900 DPL=3 TSS32-avl
GDT=     00000800 0000003f
IDT=     00107580 00000800
CR0=80000011 CR2=c0010720 CR3=0009c000 CR4=00000000
DR0=00000000 DR1=00000000 DR2=00000000 DR3=00000000 
DR6=ffff0ff0 DR7=00000400
CCS=00000010 CCD=d0000fa0 CCO=SUBL
EFER=0000000000000000
check_exception old: 0xe new 0xd
    37: v=08 e=0000 i=0 cpl=3 IP=0023:c00000eb pc=c00000eb SP=0033:d0000fa0 env->regs[R_EAX]=00000000
EAX=00000000 EBX=00105490 ECX=00207a2b EDX=c0000406
ESI=00207a20 EDI=00207910 EBP=d0000fb0 ESP=d0000fa0
EIP=c00000eb EFL=00000286 [--S--P-] CPL=3 II=0 A20=1 SMM=0 HLT=0
ES =0000 00000000 ffffffff 00df1300
CS =0023 00000000 ffffffff 00dfff00 DPL=3 CS32 [CRA]
SS =0033 00000000 ffffffff 00dff700 DPL=3 DS   [EWA]
DS =0000 00000000 ffffffff 00df1300
FS =0000 00000000 ffffffff 00df1300
GS =0000 00000000 ffffffff 00df1300
LDT=0000 00000000 0000ffff 00008200 DPL=0 LDT
TR =0038 00107d80 00000067 0000e900 DPL=3 TSS32-avl
GDT=     00000800 0000003f
IDT=     00107580 00000800
CR0=80000011 CR2=c0010720 CR3=0009c000 CR4=00000000
DR0=00000000 DR1=00000000 DR2=00000000 DR3=00000000 
DR6=ffff0ff0 DR7=00000400
CCS=00000010 CCD=d0000fa0 CCO=SUBL
EFER=0000000000000000
check_exception old: 0x8 new 0xd
Triple fault
